Renesas Optimizing Linker (W3.03.00 )             05-Oct-2022 13:33:14

*** Options ***

-subcommand=LinkerFC750_V9.tmp
-MAKEUD=E:\OneDrive\LUU DIEN CUA CUON\AUSDOOR\UPS V9\FirmWare\FC750_V9\HardwareDebug/FC750_V9_l.ud
-device="C:/Users/phamv/.eclipse/com.renesas.platform_1435879475/DebugComp/RL78/RL78/Common/DR5F104AA.DVF"
-library="E:\OneDrive\LUU DIEN CUA CUON\AUSDOOR\UPS V9\FirmWare\FC750_V9\CCRL_100\lib\pfdl.lib"
-list="FC750_V9.map"
-show=total_size
-nooptimize
-entry=_start
-auto_section_layout
-security_id=00000000000000000000
-user_opt_byte=EFFFE9
-ocdbg=04
-ocdtr
-input=".\generate\cstart.obj"
-input=".\generate\stkinit.obj"
-input=".\src\r_cg_adc.obj"
-input=".\src\r_cg_adc_user.obj"
-input=".\src\r_cg_cgc.obj"
-input=".\src\r_cg_cgc_user.obj"
-input=".\src\r_cg_pfdl.obj"
-input=".\src\r_cg_port.obj"
-input=".\src\r_cg_port_user.obj"
-input=".\src\r_cg_serial.obj"
-input=".\src\r_cg_serial_user.obj"
-input=".\src\r_cg_timer.obj"
-input=".\src\r_cg_timer_user.obj"
-input=".\src\r_main.obj"
-input=".\src\r_systeminit.obj"
-library="C:\Program Files (x86)\Renesas Electronics\CS+\CC\CC-RL\V1.10.00\lib\rl78em4s.lib"
-library="C:\Program Files (x86)\Renesas Electronics\CS+\CC\CC-RL\V1.10.00\lib\rl78em4r.lib"
-library="C:\Program Files (x86)\Renesas Electronics\CS+\CC\CC-RL\V1.10.00\lib\malloc_n.lib"
-output="FC750_V9.abs"
-debug
-nocompress
-memory=high
-rom=.data=.dataR,.sdata=.sdataR
-nomessage
-nologo
-total_size

*** Error information ***

*** Mapping List ***

SECTION                            START      END         SIZE   ALIGN
.vect
                                  00000000  0000007f        80   0
.constf
                                  00000080  00000080         0   2
.sdata
                                  00000080  00000080         0   2
.data
                                  00000082  000000b3        32   2
.option_byte
                                  000000c0  000000c3         4   1
.security_id
                                  000000c4  000000cd         a   1
.text
                                  000000ce  00000419       34c   1
PFDL_COD
                                  0000041a  000004a7        8e   2
.textf
                                  000004a8  00001ff4      1b4d   1
.SLIB
                                  00001ff5  00001ffb         7   1
.const
                                  00002000  00002000         0   2
.RLIB
                                  00002000  000024dd       4de   1
.bss
                                  000ff500  000ffac5       5c6   2
.dataR
                                  000ffac6  000ffaf7        32   2
.sbss
                                  000ffe20  000ffe20         0   2
.sdataR
                                  000ffe20  000ffe20         0   2

*** Total Section Size ***

RAMDATA SECTION:  000005f8 Byte(s)
ROMDATA SECTION:  000000c0 Byte(s)
PROGRAM SECTION:  0000240c Byte(s)
